status: OK
source: C:\Users\92010\Desktop\TREE-PLACE\Benchmarks\Quick_Examples\flow_only_demo\flow_only_demo_fromLFR.json
target: C:\Users\92010\Desktop\TREE-PLACE\Benchmarks\Quick_Examples\flow_only_demo\flow_only_demo_fromLFR\flow_only_demo_fromLFR.json

--- stdout ---
Finish loading test case: flow_only_demo_fromLFR
1/9, Finish initial placement, time spent: 0.0 s
[0, 4060, 4860, 'mixer_1', 0] [[2030, 0], [2030, 4860]]
[1, 1400, 1400, 'port_1', 0] [[700, 700]]
[2, 1400, 1400, 'port_2', 0] [[700, 700]]
[3, 1400, 1400, 'port_3', 0] [[700, 700]]
2/9, Finish initial placement with rotation, time spent: 0.0 s
3/9, Finish symmetricalization, time spent: 0.0 s
4/9, Finish routing, time spent: 0.001999378204345703 s
****************************************************
New valid order that can lead to planar graph found:
[[0], [0], [0, 1]]
****************************************************
--Finish applying new order
--Finish mirroring related components
5/9, Finish initialization of new orders, time spent: 0.0010001659393310547 s
6/9, Finish shortening wirelength, time spent: 0.0 s
Skip stage7 LP according to user's need
8/9, Finish routing, time spent: 0.002000093460083008 s
9/9, Finish compaction and connecting ports, time spent: 0.016083955764770508 s
<<<<<<<<<<<<<<<<<<<<<<<<<<<<<< All P&R Done >>>>>>>>>>>>>>>>>>>>>>>>>>>>>>
Total Timeusage: 0.021083593368530273 s
Reordering Timeusage: 0.0010001659393310547 s
LP-based Optimization Timeusage: 0 s
P&R for the new orders: 0.01908421516418457 s
Please check the results under "./Benchmarks/Quick_Examples/flow_only_demo/flow_only_demo_fromLFR/result"
Done. Layer-0 JSON: C:\Users\92010\Desktop\TREE-PLACE\Benchmarks\Quick_Examples\flow_only_demo\flow_only_demo_fromLFR\result\result.json
Done. Layer-0 + layer-1 JSON: C:\Users\92010\Desktop\TREE-PLACE\Benchmarks\Quick_Examples\flow_only_demo\flow_only_demo_fromLFR\result\result_control.json
Done. Layered plot: C:\Users\92010\Desktop\TREE-PLACE\Benchmarks\Quick_Examples\flow_only_demo\flow_only_demo_fromLFR\result\layer01_check.png

--- stderr ---
