status: OK
source: C:\Users\92010\Desktop\TREE-PLACE\Benchmarks\Quick_Examples\import_mixer_and_incubator\import_mixer_and_incubator_fromLFR.json
target: C:\Users\92010\Desktop\TREE-PLACE\Benchmarks\Quick_Examples\import_mixer_and_incubator\import_mixer_and_incubator_fromLFR\import_mixer_and_incubator_fromLFR.json

--- stdout ---
Finish loading test case: import_mixer_and_incubator_fromLFR
1/9, Finish initial placement, time spent: 0.0 s
[0, 5000, 5000, 'reaction_chamber_1', 0] [[2500, 0], [5000, 2500], [2500, 5000], [0, 2500]]
[1, 1400, 1400, 'port_1', 0] [[700, 700]]
[2, 4060, 4860, 'mixer_1', 0] [[2030, 0], [2030, 4860]]
[3, 4060, 4860, 'mixer_2', 0] [[2030, 0], [2030, 4860]]
[4, 1400, 1400, 'port_2', 0] [[700, 700]]
[5, 1400, 1400, 'port_3', 0] [[700, 700]]
2/9, Finish initial placement with rotation, time spent: 0.0 s
3/9, Finish symmetricalization, time spent: 0.0 s
4/9, Finish routing, time spent: 0.002007722854614258 s
****************************************************
New valid order that can lead to planar graph found:
[[0], [0], [0], [0], [0, 1]]
****************************************************
--Finish applying new order
--Finish mirroring related components
5/9, Finish initialization of new orders, time spent: 0.0009157657623291016 s
6/9, Finish shortening wirelength, time spent: 0.0 s
Skip stage7 LP according to user's need
8/9, Finish routing, time spent: 0.003000020980834961 s
9/9, Finish compaction and connecting ports, time spent: 0.022151470184326172 s
<<<<<<<<<<<<<<<<<<<<<<<<<<<<<< All P&R Done >>>>>>>>>>>>>>>>>>>>>>>>>>>>>>
Total Timeusage: 0.028074979782104492 s
Reordering Timeusage: 0.0009157657623291016 s
LP-based Optimization Timeusage: 0 s
P&R for the new orders: 0.026067256927490234 s
Please check the results under "./Benchmarks/Quick_Examples/import_mixer_and_incubator/import_mixer_and_incubator_fromLFR/result"
Done. Layer-0 JSON: C:\Users\92010\Desktop\TREE-PLACE\Benchmarks\Quick_Examples\import_mixer_and_incubator\import_mixer_and_incubator_fromLFR\result\result.json
Done. Layer-0 + layer-1 JSON: C:\Users\92010\Desktop\TREE-PLACE\Benchmarks\Quick_Examples\import_mixer_and_incubator\import_mixer_and_incubator_fromLFR\result\result_control.json
Done. Layered plot: C:\Users\92010\Desktop\TREE-PLACE\Benchmarks\Quick_Examples\import_mixer_and_incubator\import_mixer_and_incubator_fromLFR\result\layer01_check.png

--- stderr ---
