status: OK
source: C:\Users\92010\Desktop\TREE-PLACE\Benchmarks\Quick_Examples\mixer_3to1\mixer_3to1_fromLFR.json
target: C:\Users\92010\Desktop\TREE-PLACE\Benchmarks\Quick_Examples\mixer_3to1\mixer_3to1_fromLFR\mixer_3to1_fromLFR.json

--- stdout ---
Finish loading test case: mixer_3to1_fromLFR
1/9, Finish initial placement, time spent: 0.0 s
[0, 4060, 4860, 'mixer_1', 0] [[2030, 0], [2030, 4860]]
[1, 4060, 4860, 'mixer_2', 0] [[2030, 0], [2030, 4860]]
[2, 1400, 1400, 'port_1', 0] [[700, 700]]
[3, 1400, 1400, 'port_2', 0] [[700, 700]]
[4, 1400, 1400, 'port_3', 0] [[700, 700]]
[5, 1400, 1400, 'port_4', 0] [[700, 700]]
2/9, Finish initial placement with rotation, time spent: 0.0 s
3/9, Finish symmetricalization, time spent: 0.0 s
4/9, Finish routing, time spent: 0.001512765884399414 s
****************************************************
New valid order that can lead to planar graph found:
[[0], [0], [0, 1], [0, 1]]
****************************************************
--Finish applying new order
--Finish mirroring related components
5/9, Finish initialization of new orders, time spent: 0.0005171298980712891 s
6/9, Finish shortening wirelength, time spent: 0.0 s
Skip stage7 LP according to user's need
8/9, Finish routing, time spent: 0.001999378204345703 s
9/9, Finish compaction and connecting ports, time spent: 0.022104978561401367 s
<<<<<<<<<<<<<<<<<<<<<<<<<<<<<< All P&R Done >>>>>>>>>>>>>>>>>>>>>>>>>>>>>>
Total Timeusage: 0.026134252548217773 s
Reordering Timeusage: 0.0005171298980712891 s
LP-based Optimization Timeusage: 0 s
P&R for the new orders: 0.02462148666381836 s
Please check the results under "./Benchmarks/Quick_Examples/mixer_3to1/mixer_3to1_fromLFR/result"
Done. Layer-0 JSON: C:\Users\92010\Desktop\TREE-PLACE\Benchmarks\Quick_Examples\mixer_3to1\mixer_3to1_fromLFR\result\result.json
Done. Layer-0 + layer-1 JSON: C:\Users\92010\Desktop\TREE-PLACE\Benchmarks\Quick_Examples\mixer_3to1\mixer_3to1_fromLFR\result\result_control.json
Done. Layered plot: C:\Users\92010\Desktop\TREE-PLACE\Benchmarks\Quick_Examples\mixer_3to1\mixer_3to1_fromLFR\result\layer01_check.png

--- stderr ---
