status: FAIL:1
source: C:\Users\92010\Desktop\TREE-PLACE\Benchmarks\Quick_Examples\flow_and_control_demo\flow_and_control_demo_fromMINT.json
target: C:\Users\92010\Desktop\TREE-PLACE\Benchmarks\Quick_Examples\flow_and_control_demo\flow_and_control_demo_fromMINT\flow_and_control_demo_fromMINT.json

--- stdout ---
Finish loading test case: flow_and_control_demo_fromMINT
1/9, Finish initial placement, time spent: 0.0 s
[0, 4060, 4860, 'mixer_1', 0] [[2030, 0], [2030, 4860]]
[1, 1400, 1400, 'port_1', 0] [[700, 700]]
[2, 1400, 1400, 'port_2', 0] [[700, 700]]
[3, 1400, 1400, 'port_3', 0] [[700, 700]]
[4, 1400, 1400, 'port_4', 0] [[700, 700]]
2/9, Finish initial placement with rotation, time spent: 0.0 s
3/9, Finish symmetricalization, time spent: 0.0 s
4/9, Finish routing, time spent: 0.0015139579772949219 s
****************************************************
New valid order that can lead to planar graph found:
[[0], [0, 1], [0, 1]]
****************************************************
--Finish applying new order
--Finish mirroring related components
5/9, Finish initialization of new orders, time spent: 0.0010001659393310547 s
6/9, Finish shortening wirelength, time spent: 0.0 s
Skip stage7 LP according to user's need
8/9, Finish routing, time spent: 0.0015392303466796875 s
9/9, Finish compaction and connecting ports, time spent: 0.02509760856628418 s
<<<<<<<<<<<<<<<<<<<<<<<<<<<<<< All P&R Done >>>>>>>>>>>>>>>>>>>>>>>>>>>>>>
Total Timeusage: 0.029150962829589844 s
Reordering Timeusage: 0.0010001659393310547 s
LP-based Optimization Timeusage: 0 s
P&R for the new orders: 0.027637004852294922 s
Please check the results under "./Benchmarks/Quick_Examples/flow_and_control_demo/flow_and_control_demo_fromMINT/result"

--- stderr ---
Traceback (most recent call last):
  File "C:\Users\92010\Desktop\TREE-PLACE\run_flow&control_syn.py", line 333, in <module>
    main()
  File "C:\Users\92010\Desktop\TREE-PLACE\run_flow&control_syn.py", line 325, in main
    run_control_syn(str(input_json), str(output_json), str(output_png))
  File "C:\Users\92010\Desktop\TREE-PLACE\control_syn.py", line 1612, in run
    records = assign_valve_positions(work)
              ^^^^^^^^^^^^^^^^^^^^^^^^^^^^
  File "C:\Users\92010\Desktop\TREE-PLACE\control_syn.py", line 386, in assign_valve_positions
    cport_id = v["controlportid"]
               ~^^^^^^^^^^^^^^^^^
KeyError: 'controlportid'
