status: OK
source: C:\Users\92010\Desktop\TREE-PLACE\Benchmarks\Quick_Examples\import_droplet_reaction\import_droplet_reaction_fromLFR.json
target: C:\Users\92010\Desktop\TREE-PLACE\Benchmarks\Quick_Examples\import_droplet_reaction\import_droplet_reaction_fromLFR\import_droplet_reaction_fromLFR.json

--- stdout ---
Finish loading test case: import_droplet_reaction_fromLFR
1/9, Finish initial placement, time spent: 0.0 s
[0, 5000, 5000, 'reaction_chamber_1', 0] [[2500, 0], [5000, 2500], [2500, 5000], [0, 2500]]
[1, 1400, 1400, 'port_1', 0] [[700, 700]]
[2, 4000, 4000, 'port_2', 0] [[2000, 2000]]
[3, 4000, 4000, 'port_3', 0] [[2000, 2000]]
[4, 1800, 600, 'nozzle_droplet_generator_1', 0] [[400, 0], [1800, 300], [400, 600], [0, 300]]
[5, 4060, 4860, 'mixer_1', 0] [[2030, 0], [2030, 4860]]
[6, 4060, 4860, 'mixer_2', 0] [[2030, 0], [2030, 4860]]
[7, 4060, 4860, 'mixer_3', 0] [[2030, 0], [2030, 4860]]
[8, 4060, 4860, 'mixer_4', 0] [[2030, 0], [2030, 4860]]
[9, 1400, 1400, 'port_4', 0] [[700, 700]]
[10, 1400, 1400, 'port_5', 0] [[700, 700]]
[11, 1400, 1400, 'port_6', 0] [[700, 700]]
[12, 1400, 1400, 'port_7', 0] [[700, 700]]
2/9, Finish initial placement with rotation, time spent: 0.001005411148071289 s
3/9, Finish symmetricalization, time spent: 0.0 s
4/9, Finish routing, time spent: 0.013072729110717773 s
****************************************************
New valid order that can lead to planar graph found:
[[0], [0], [0], [0, 1], [1, 2, 0], [0], [0, 1], [0, 1]]
****************************************************
--Finish applying new order
--Finish mirroring related components
5/9, Finish initialization of new orders, time spent: 0.0015039443969726562 s
6/9, Finish shortening wirelength, time spent: 0.0 s
Skip stage7 LP according to user's need
8/9, Finish routing, time spent: 0.013594627380371094 s
9/9, Finish compaction and connecting ports, time spent: 0.043592214584350586 s
<<<<<<<<<<<<<<<<<<<<<<<<<<<<<< All P&R Done >>>>>>>>>>>>>>>>>>>>>>>>>>>>>>
Total Timeusage: 0.0727689266204834 s
Reordering Timeusage: 0.0015039443969726562 s
LP-based Optimization Timeusage: 0 s
P&R for the new orders: 0.058690786361694336 s
Please check the results under "./Benchmarks/Quick_Examples/import_droplet_reaction/import_droplet_reaction_fromLFR/result"
Done. Layer-0 JSON: C:\Users\92010\Desktop\TREE-PLACE\Benchmarks\Quick_Examples\import_droplet_reaction\import_droplet_reaction_fromLFR\result\result.json
Done. Layer-0 + layer-1 JSON: C:\Users\92010\Desktop\TREE-PLACE\Benchmarks\Quick_Examples\import_droplet_reaction\import_droplet_reaction_fromLFR\result\result_control.json
Done. Layered plot: C:\Users\92010\Desktop\TREE-PLACE\Benchmarks\Quick_Examples\import_droplet_reaction\import_droplet_reaction_fromLFR\result\layer01_check.png

--- stderr ---
