status: OK
source: C:\Users\92010\Desktop\TREE-PLACE\Benchmarks\Quick_Examples\import_parallel_premix\import_parallel_premix_fromLFR.json
target: C:\Users\92010\Desktop\TREE-PLACE\Benchmarks\Quick_Examples\import_parallel_premix\import_parallel_premix_fromLFR\import_parallel_premix_fromLFR.json

--- stdout ---
Finish loading test case: import_parallel_premix_fromLFR
1/9, Finish initial placement, time spent: 0.0 s
[0, 4060, 4860, 'mixer_1', 0] [[2030, 0], [2030, 4860]]
[1, 1400, 1400, 'port_1', 0] [[700, 700]]
[2, 4060, 4860, 'mixer_2', 0] [[2030, 0], [2030, 4860]]
[3, 4060, 4860, 'mixer_3', 0] [[2030, 0], [2030, 4860]]
[4, 4060, 4860, 'mixer_4', 0] [[2030, 0], [2030, 4860]]
[5, 4060, 4860, 'mixer_5', 0] [[2030, 0], [2030, 4860]]
[6, 4060, 4860, 'mixer_6', 0] [[2030, 0], [2030, 4860]]
[7, 4060, 4860, 'mixer_7', 0] [[2030, 0], [2030, 4860]]
[8, 1400, 1400, 'port_2', 0] [[700, 700]]
[9, 1400, 1400, 'port_3', 0] [[700, 700]]
[10, 1400, 1400, 'port_4', 0] [[700, 700]]
[11, 1400, 1400, 'port_5', 0] [[700, 700]]
[12, 1400, 1400, 'port_6', 0] [[700, 700]]
2/9, Finish initial placement with rotation, time spent: 0.00099945068359375 s
3/9, Finish symmetricalization, time spent: 0.0 s
4/9, Finish routing, time spent: 0.006226301193237305 s
****************************************************
New valid order that can lead to planar graph found:
[[0], [0], [0], [0, 1], [0, 1], [1, 0], [0, 2, 1, 3]]
****************************************************
--Finish applying new order
--Finish mirroring related components
5/9, Finish initialization of new orders, time spent: 0.00099945068359375 s
6/9, Finish shortening wirelength, time spent: 0.0 s
Skip stage7 LP according to user's need
8/9, Finish routing, time spent: 0.012039422988891602 s
9/9, Finish compaction and connecting ports, time spent: 0.04429197311401367 s
<<<<<<<<<<<<<<<<<<<<<<<<<<<<<< All P&R Done >>>>>>>>>>>>>>>>>>>>>>>>>>>>>>
Total Timeusage: 0.06455659866333008 s
Reordering Timeusage: 0.00099945068359375 s
LP-based Optimization Timeusage: 0 s
P&R for the new orders: 0.05733084678649902 s
Please check the results under "./Benchmarks/Quick_Examples/import_parallel_premix/import_parallel_premix_fromLFR/result"
Done. Layer-0 JSON: C:\Users\92010\Desktop\TREE-PLACE\Benchmarks\Quick_Examples\import_parallel_premix\import_parallel_premix_fromLFR\result\result.json
Done. Layer-0 + layer-1 JSON: C:\Users\92010\Desktop\TREE-PLACE\Benchmarks\Quick_Examples\import_parallel_premix\import_parallel_premix_fromLFR\result\result_control.json
Done. Layered plot: C:\Users\92010\Desktop\TREE-PLACE\Benchmarks\Quick_Examples\import_parallel_premix\import_parallel_premix_fromLFR\result\layer01_check.png

--- stderr ---
